
> linguaaccess@0.1.0 build
> next build

Γû▓ Next.js 16.1.6 (Turbopack)
- Environments: .env

npm : ΓÜá The "middleware" file convention is deprecated. 
Please use "proxy" instead. Learn more: 
https://nextjs.org/docs/messages/middleware-to-proxy
At line:1 char:224
+ ... 8Vu1e+yYv0u6Udi/G5tNsr/hnOlE="; npm run build > 
build_output.log 2>&1
+                                     
~~~~~~~~~~~~~~~~~~~~~~~~~~~~~~~~~~~~~
    + CategoryInfo          : NotSpecified: (ΓÜá The "mid 
   dle...leware-to-proxy:String) [], RemoteException
    + FullyQualifiedErrorId : NativeCommandError
 
  Creating an optimized production build ...
Γ£ô Compiled successfully in 49s
  Running TypeScript ...
Failed to compile.

Next.js build worker exited with code: 1 and signal: null
