
> linguaaccess@0.1.0 build
> next build

Γû▓ Next.js 16.1.6 (Turbopack)
- Environments: .env.local, .env

node.exe : ΓÜá The 
"middleware" file 
convention is 
deprecated. Please 
use "proxy" instead. 
Learn more: https://n
extjs.org/docs/messag
es/middleware-to-prox
y
At line:1 char:1
+ & "C:\Program Files
\nodejs/node.exe" 
"C:\Program 
Files\nodejs/node_mo 
...
+ ~~~~~~~~~~~~~~~~~~~
~~~~~~~~~~~~~~~~~~~~~
~~~~~~~~~~~~~~~~~~~~~
~~~~~~~~
    + CategoryInfo   
           : NotSpe  
  cified: (ΓÜá The   
  "middle...lewar    
e-to-proxy:Strin    
g) [], RemoteExc    
eption
    + FullyQualified 
   ErrorId : Native  
  CommandError
 
  Creating an optimized production build ...

> Build error 
occurred
Error: Turbopack 
build failed with 1 
errors:
./app/(educator)/cont
ent/create/page.tsx:8
:1
Module not found: 
Can't resolve '@/comp
onents/ui/textarea'
[0m [90m  6 |[39m 
[36mimport[39m { 
[33mInput[39m } 
[36mfrom[39m [32m'
@/components/ui/input
'[39m[33m;[39m
 [90m  7 |[39m 
[36mimport[39m { 
[33mLabel[39m } 
[36mfrom[39m [32m'
@/components/ui/label
'[39m[33m;[39m
[31m[1m>[22m[39m
[90m  8 |[39m 
[36mimport[39m { 
[33mTextarea[39m } 
[36mfrom[39m [32m'
@/components/ui/texta
rea'[39m[33m;[39m
 [90m    |[39m [31
m[1m^[22m[39m[31m
[1m^[22m[39m[31m
[1m^[22m[39m[31m[
1m^[22m[39m[31m[1
m^[22m[39m[31m[1m
^[22m[39m[31m[1m^
[22m[39m[31m[1m^
[22m[39m[31m[1m^[
22m[39m[31m[1m^[2
2m[39m[31m[1m^[22
m[39m[31m[1m^[22m
[39m[31m[1m^[22m
[39m[31m[1m^[22m[
39m[31m[1m^[22m[3
9m[31m[1m^[22m[39
m[31m[1m^[22m[39m
[31m[1m^[22m[39m
[31m[1m^[22m[39m[
31m[1m^[22m[39m[3
1m[1m^[22m[39m[31
m[1m^[22m[39m[31m
[1m^[22m[39m[31m
[1m^[22m[39m[31m[
1m^[22m[39m[31m[1
m^[22m[39m[31m[1m
^[22m[39m[31m[1m^
[22m[39m[31m[1m^
[22m[39m[31m[1m^[
22m[39m[31m[1m^[2
2m[39m[31m[1m^[22
m[39m[31m[1m^[22m
[39m[31m[1m^[22m
[39m[31m[1m^[22m[
39m[31m[1m^[22m[3
9m[31m[1m^[22m[39
m[31m[1m^[22m[39m
[31m[1m^[22m[39m
[31m[1m^[22m[39m[
31m[1m^[22m[39m[3
1m[1m^[22m[39m[31
m[1m^[22m[39m[31m
[1m^[22m[39m[31m
[1m^[22m[39m[31m[
1m^[22m[39m[31m[1
m^[22m[39m[31m[1m
^[22m[39m[31m[1m^
[22m[39m[31m[1m^
[22m[39m[31m[1m^[
22m[39m[31m[1m^[2
2m[39m
 [90m  9 |[39m 
[36mimport[39m { [
33mSelect[39m[33m,
[39m [33mSelectConte
nt[39m[33m,[39m [
33mSelectItem[39m[3
3m,[39m [33mSelectT
rigger[39m[33m,[39
m [33mSelectValue[3
9m } [36mfrom[39m 
[32m'@/components/ui/
select'[39m[33m;[3
9m
 [90m 10 |[39m 
[36mimport[39m { [
33mCard[39m[33m,[3
9m [33mCardContent[
39m[33m,[39m [33mC
ardHeader[39m[33m,
[39m 
[33mCardTitle[39m 
} [36mfrom[39m [32
m'@/components/ui/car
d'[39m[33m;[39m
 [90m 11 |[39m 
[36mimport[39m { [
33mTabs[39m[33m,[3
9m [33mTabsContent[
39m[33m,[39m [33mT
absList[39m[33m,[3
9m [33mTabsTrigger[
39m } [36mfrom[39m 
[32m'@/components/ui
/tabs'[39m[33m;[39
m[0m

Import map: aliased 
to relative './compon
ents/ui/textarea' 
inside of [project]/


Import traces:
  Client Component 
Browser:
    ./app/(educator)/
content/create/page.t
sx [Client Component 
Browser]
    ./app/(educator)/
content/create/page.t
sx [Server Component]

  Client Component 
SSR:
    ./app/(educator)/
content/create/page.t
sx [Client Component 
SSR]
    ./app/(educator)/
content/create/page.t
sx [Server Component]

https://nextjs.org/do
cs/messages/module-no
t-found


    at <unknown> (./a
pp/(educator)/content
/create/page.tsx:8:1)
    at <unknown> (htt
ps://nextjs.org/docs/
messages/module-not-f
ound)
